// Jest Snapshot v1, https://goo.gl/fbAQLP

exports[`should render a list item 1`] = `
<div>
  <Link
    replace={false}
    to="/edit/1"
  >
    <h3>
      Gum
    </h3>
  </Link>
  <p>
    1,95 â‚¬
    -
    01 de enero 1970
  </p>
</div>
`;
